HTTP/1.1 200 OK
Content-Type: text/html
Content-Length: 136
Content-Encoding: gzip

