<html>
<head>
	<title></title>
</head>
<body>
<h1>This is a head</h1>
<p>Here is a paragraph!</p>
</body>
</html>
